load("@rules_java//java:defs.bzl", "java_test")

# gazelle:java_test_mode file

java_test(
    name = "ExampleTest",
    srcs = ["ExampleTest.java"],
    test_class = "com.example.separate.ExampleTest",
    deps = ["@maven//:junit_junit"],
)
