load("@contrib_rules_jvm//java:defs.bzl", "java_junit5_test")

# gazelle:java_test_mode file

java_junit5_test(
    name = "ExampleTest",
    srcs = ["ExampleTest.java"],
    test_class = "com.example.separate.ExampleTest",
    runtime_deps = [
        "@maven//:keep",  # keep
        "@maven//:org_junit_jupiter_junit_jupiter_engine",
        "@maven//:org_junit_platform_junit_platform_launcher",
        "@maven//:org_junit_platform_junit_platform_reporting",
    ],
    deps = ["@maven//:org_junit_jupiter_junit_jupiter_api"],
)
