load("@contrib_rules_jvm//java:defs.bzl", "java_junit5_test", "java_test_suite")
load("@some//:requires_network.bzl", "requires_network")

java_test_suite(
    name = "tests",
    srcs = ["SimpleTest.java"],
    runner = "junit5",
    runtime_deps = [
        "@maven//:org_junit_jupiter_junit_jupiter_engine",
        "@maven//:org_junit_platform_junit_platform_launcher",
        "@maven//:org_junit_platform_junit_platform_reporting",
    ],
    deps = [
        "//src/main/com/example/annotations",
        "@maven//:org_junit_jupiter_junit_jupiter_api",
    ],
)

requires_network(
    java_junit5_test,
    name = "RequiresNetworkTest",
    srcs = ["RequiresNetworkTest.java"],
    test_class = "com.example.tests.RequiresNetworkTest",
    runtime_deps = [
        "@maven//:org_junit_jupiter_junit_jupiter_engine",
        "@maven//:org_junit_platform_junit_platform_launcher",
        "@maven//:org_junit_platform_junit_platform_reporting",
    ],
    deps = [
        "//src/main/com/example/annotations",
        "@maven//:org_junit_jupiter_junit_jupiter_api",
    ],
)
