load("@contrib_rules_jvm//java:defs.bzl", "java_test_suite")

java_test_suite(
    name = "myproject",
    srcs = ["AppTest.java"],
    deps = [
        "//src/main/java/com/example/myproject",
        "@maven//:junit_junit",
    ],
)
