load("@rules_java//java:defs.bzl", "java_library", "java_test")

# gazelle:java_module_granularity module

java_library(
    name = "modulewithhelpers",
    testonly = True,
    srcs = [
        "Helper.java",
        "withdirectory/Helper.java",
    ],
    deps = [
        "//src/main/java/com/example/myproject",
        "@maven//:com_google_guava_guava",
        "@maven//:junit_junit",
        "@maven//:org_hamcrest_hamcrest_all",
    ],
)

java_test(
    name = "com_example_modulewithhelpers_AppTest",
    srcs = ["AppTest.java"],
    test_class = "com.example.modulewithhelpers.AppTest",
    deps = [
        ":modulewithhelpers",
        "//src/main/java/com/example/myproject",
        "@maven//:com_google_guava_guava",
        "@maven//:junit_junit",
        "@maven//:org_hamcrest_hamcrest_all",
    ],
)

java_test(
    name = "com_example_modulewithhelpers_withdirectory_AnotherTest",
    srcs = ["withdirectory/AnotherTest.java"],
    test_class = "com.example.modulewithhelpers.withdirectory.AnotherTest",
    deps = [
        ":modulewithhelpers",
        "//src/main/java/com/example/myproject",
        "@maven//:com_google_guava_guava",
        "@maven//:junit_junit",
        "@maven//:org_hamcrest_hamcrest_all",
    ],
)
