load("@contrib_rules_jvm//java:defs.bzl", "java_test_suite")

# gazelle:java_module_granularity module

java_test_suite(
    name = "justhelpers-tests",
    srcs = [
        "Helper.java",
        "withdirectory/Helper.java",
    ],
    runner = "junit5",
    runtime_deps = [
        "@maven//:org_junit_jupiter_junit_jupiter_engine",
        "@maven//:org_junit_platform_junit_platform_launcher",
        "@maven//:org_junit_platform_junit_platform_reporting",
    ],
)
