load("@contrib_rules_jvm//java:defs.bzl", "java_test_suite")

# gazelle:java_test_mode suite

java_test_suite(
    name = "suite",
    srcs = ["ExampleTest.java"],
    deps = ["@maven//:junit_junit"],
)
