load("@contrib_rules_jvm//java:defs.bzl", "java_test_suite")

# gazelle:java_module_granularity module

java_test_suite(
    name = "justhelpersinmodule-tests",
    srcs = [
        "Helper.java",
        "withdirectory/Helper.java",
    ],
)
