load("@contrib_rules_jvm//java:defs.bzl", "java_test_suite")

java_test_suite(
    name = "justhelpers",
    srcs = ["Helper.java"],
)
